// Jest Snapshot v1, https://goo.gl/fbAQLP

exports[`renders the Picker panel 1`] = `
Object {
  "asFragment": [Function],
  "baseElement": <body>
    <div>
      <div
        class="picker"
      >
        <div
          class="form-control"
        >
          <label>
            Head
          </label>
          <select>
            <option
              value="bird-head"
            >
              Bird Head
            </option>
            <option
              value="dog-head"
            >
              Dog Head
            </option>
            <option
              value="duck-head"
            >
              Duck Head
            </option>
            <option
              value="horse-head"
            >
              Horse Head
            </option>
          </select>
          <label>
            Body
          </label>
          <select>
            <option
              value="blue-middle"
            >
              Blue Body
            </option>
            <option
              value="dress-middle"
            >
              Dress Body
            </option>
            <option
              value="pink-middle"
            >
              Pink Body
            </option>
            <option
              value="red-middle"
            >
              Red Body
            </option>
          </select>
          <label>
            Legs
          </label>
          <select>
            <option
              value="dog-pants"
            >
              Dog Pants
            </option>
            <option
              value="blue-pants"
            >
              Blue Pants
            </option>
            <option
              value="white-pants"
            >
              White Pants
            </option>
            <option
              value="leg-pants"
            >
              Leg Pants
            </option>
          </select>
        </div>
        <div
          class="form-control"
        >
          <label>
            Enter A Catch Phrase!
          </label>
          <input
            type="text"
            value="ok"
          />
          <button>
            Add
          </button>
        </div>
      </div>
    </div>
  </body>,
  "container": <div>
    <div
      class="picker"
    >
      <div
        class="form-control"
      >
        <label>
          Head
        </label>
        <select>
          <option
            value="bird-head"
          >
            Bird Head
          </option>
          <option
            value="dog-head"
          >
            Dog Head
          </option>
          <option
            value="duck-head"
          >
            Duck Head
          </option>
          <option
            value="horse-head"
          >
            Horse Head
          </option>
        </select>
        <label>
          Body
        </label>
        <select>
          <option
            value="blue-middle"
          >
            Blue Body
          </option>
          <option
            value="dress-middle"
          >
            Dress Body
          </option>
          <option
            value="pink-middle"
          >
            Pink Body
          </option>
          <option
            value="red-middle"
          >
            Red Body
          </option>
        </select>
        <label>
          Legs
        </label>
        <select>
          <option
            value="dog-pants"
          >
            Dog Pants
          </option>
          <option
            value="blue-pants"
          >
            Blue Pants
          </option>
          <option
            value="white-pants"
          >
            White Pants
          </option>
          <option
            value="leg-pants"
          >
            Leg Pants
          </option>
        </select>
      </div>
      <div
        class="form-control"
      >
        <label>
          Enter A Catch Phrase!
        </label>
        <input
          type="text"
          value="ok"
        />
        <button>
          Add
        </button>
      </div>
    </div>
  </div>,
  "debug": [Function],
  "findAllByAltText": [Function],
  "findAllByDisplayValue": [Function],
  "findAllByLabelText": [Function],
  "findAllByPlaceholderText": [Function],
  "findAllByRole": [Function],
  "findAllByTestId": [Function],
  "findAllByText": [Function],
  "findAllByTitle": [Function],
  "findByAltText": [Function],
  "findByDisplayValue": [Function],
  "findByLabelText": [Function],
  "findByPlaceholderText": [Function],
  "findByRole": [Function],
  "findByTestId": [Function],
  "findByText": [Function],
  "findByTitle": [Function],
  "getAllByAltText": [Function],
  "getAllByDisplayValue": [Function],
  "getAllByLabelText": [Function],
  "getAllByPlaceholderText": [Function],
  "getAllByRole": [Function],
  "getAllByTestId": [Function],
  "getAllByText": [Function],
  "getAllByTitle": [Function],
  "getByAltText": [Function],
  "getByDisplayValue": [Function],
  "getByLabelText": [Function],
  "getByPlaceholderText": [Function],
  "getByRole": [Function],
  "getByTestId": [Function],
  "getByText": [Function],
  "getByTitle": [Function],
  "queryAllByAltText": [Function],
  "queryAllByDisplayValue": [Function],
  "queryAllByLabelText": [Function],
  "queryAllByPlaceholderText": [Function],
  "queryAllByRole": [Function],
  "queryAllByTestId": [Function],
  "queryAllByText": [Function],
  "queryAllByTitle": [Function],
  "queryByAltText": [Function],
  "queryByDisplayValue": [Function],
  "queryByLabelText": [Function],
  "queryByPlaceholderText": [Function],
  "queryByRole": [Function],
  "queryByTestId": [Function],
  "queryByText": [Function],
  "queryByTitle": [Function],
  "rerender": [Function],
  "unmount": [Function],
}
`;
